// Vitest Snapshot v1, https://vitest.dev/guide/snapshot.html

exports[`detect over each fixture repo > Grandbusta__spyde 1`] = `
[
  "action:actions/checkout",
  "action:actions/configure-pages",
  "action:actions/deploy-pages",
  "action:actions/setup-node",
  "action:actions/upload-pages-artifact",
  "npm:@types/node@^20.19.43",
  "npm:@types/pdfkit@^0.17.6",
  "npm:pdfkit@^0.20.2",
  "npm:typescript@^7.0.2",
  "npm:vitepress@^1.6.3",
  "tool:github-actions",
  "tool:node@>=20",
  "tool:npm",
]
`;

exports[`detect over each fixture repo > astral-sh__uv 1`] = `
[
  "action:actions/checkout",
  "action:actions/download-artifact",
  "action:actions/upload-artifact",
  "action:astral-sh/setup-uv",
  "action:codspeedhq/action",
  "action:swatinem/rust-cache",
  "cargo:ambient-id@0.0.11",
  "cargo:anstream@1.0.0",
  "cargo:anyhow",
  "cargo:anyhow@1.0.89",
  "cargo:arcstr@1.2.0",
  "cargo:arrayvec@0.7.6",
  "cargo:assert_cmd@2.0.16",
  "cargo:assert_fs@1.1.2",
  "cargo:astral-pubgrub@0.6.1",
  "cargo:astral-reqwest-middleware@0.5.1",
  "cargo:astral-reqwest-retry@0.9.1",
  "cargo:astral-tl@0.8.0",
  "cargo:astral-tokio-tar@0.7.0",
  "cargo:astral-version-ranges@0.2.2",
  "cargo:astral_async_http_range_reader@0.11.1",
  "cargo:astral_async_zip@0.0.20",
  "cargo:async-channel@2.3.1",
  "cargo:async-compression@0.4.12",
  "cargo:async-trait",
  "cargo:async-trait@0.1.82",
  "cargo:axoupdater@0.10.0",
  "cargo:backon@1.3.0",
  "cargo:base64",
  "cargo:base64@0.22.1",
  "cargo:bitflags@2.6.0",
  "cargo:blake2@0.11.0-rc.6",
  "cargo:blake3@1.8.5",
  "cargo:boxcar@0.2.5",
  "cargo:bytecheck@0.8.0",
  "cargo:byteorder@1.5.0",
  "cargo:bytes@1.10.1",
  "cargo:cargo-util@0.2.14",
  "cargo:clap",
  "cargo:clap@4.5.17",
  "cargo:clap_complete_command@0.6.1",
  "cargo:configparser@3.1.0",
  "cargo:console@0.16.0",
  "cargo:csv@1.3.0",
  "cargo:ctrlc@3.4.5",
  "cargo:cyclonedx-bom@0.8.1",
  "cargo:data-encoding@2.6.0",
  "cargo:diskus@0.9.0",
  "cargo:dotenvy@0.15.7",
  "cargo:dunce@1.0.5",
  "cargo:editpe@0.2.4",
  "cargo:either@1.13.0",
  "cargo:embed-manifest@1.5.0",
  "cargo:encoding_rs_io@0.1.7",
  "cargo:enumflags2@0.7.12",
  "cargo:etcetera@0.11.0",
  "cargo:fastrand@2.3.0",
  "cargo:filetime@0.2.25",
  "cargo:flate2@1.0.33",
  "cargo:fs-err",
  "cargo:fs-err@3.2.2",
  "cargo:futures",
  "cargo:futures-lite@2.6.1",
  "cargo:futures@0.3.30",
  "cargo:glob@0.3.1",
  "cargo:globset@0.4.15",
  "cargo:globwalk@0.9.1",
  "cargo:goblin@0.10.0",
  "cargo:h2@0.4.7",
  "cargo:hashbrown@0.17.0",
  "cargo:hex@0.4.3",
  "cargo:html-escape@0.2.13",
  "cargo:http",
  "cargo:http-body-util@0.1.2",
  "cargo:http-content-range@0.2.4",
  "cargo:http@1.1.0",
  "cargo:hyper-util@0.1.8",
  "cargo:hyper@1.4.1",
  "cargo:ignore@0.4.23",
  "cargo:indexmap",
  "cargo:indexmap@2.5.0",
  "cargo:indicatif@0.18.0",
  "cargo:indoc@2.0.5",
  "cargo:insta",
  "cargo:insta@1.46.0",
  "cargo:itertools@0.14.0",
  "cargo:jiff",
  "cargo:jiff@0.2.0",
  "cargo:junction@2.0.0",
  "cargo:libc@0.2.0",
  "cargo:linux-raw-sys@0.12.1",
  "cargo:mailparse@0.16.0",
  "cargo:md-5@0.11.0",
  "cargo:memchr@2.7.4",
  "cargo:nix@0.31.2",
  "cargo:owo-colors@4.1.0",
  "cargo:papaya@0.2.5",
  "cargo:path-slash@0.2.1",
  "cargo:pathdiff@0.2.1",
  "cargo:percent-encoding",
  "cargo:percent-encoding@2.3.1",
  "cargo:petgraph@0.8.0",
  "cargo:predicates@3.1.2",
  "cargo:proc-macro2@1.0.86",
  "cargo:procfs@0.18.0",
  "cargo:quote@1.0.37",
  "cargo:rand@0.10.2",
  "cargo:rayon@1.10.0",
  "cargo:rcgen@0.14.5",
  "cargo:ref-cast@1.0.24",
  "cargo:reflink-copy@0.1.19",
  "cargo:regex-automata@0.4.8",
  "cargo:regex@1.13.0",
  "cargo:reqsign",
  "cargo:reqsign@0.20.0",
  "cargo:reqwest",
  "cargo:reqwest-middleware",
  "cargo:reqwest@0.13.1",
  "cargo:rkyv",
  "cargo:rkyv@0.8.14",
  "cargo:rmp-serde@1.3.0",
  "cargo:rustc-hash",
  "cargo:rustc-hash@2.0.0",
  "cargo:rustix@1.0.0",
  "cargo:rustls-native-certs@0.8.3",
  "cargo:rustls-pki-types@1.14.0",
  "cargo:rustls-webpki@0.103.10",
  "cargo:rustls@0.23.36",
  "cargo:same-file@1.0.6",
  "cargo:schemars",
  "cargo:schemars@1.0.0",
  "cargo:seahash@4.1.0",
  "cargo:secret-service@5.0.0",
  "cargo:security-framework@3",
  "cargo:self-replace@1.5.0",
  "cargo:serde",
  "cargo:serde-untagged@0.1.6",
  "cargo:serde@1.0.210",
  "cargo:serde_json",
  "cargo:serde_json@1.0.128",
  "cargo:sha2@0.11.0",
  "cargo:shellexpand@3.1.0",
  "cargo:similar@3.0.0",
  "cargo:smallvec@1.13.2",
  "cargo:spdx@0.13.0",
  "cargo:syn@3.0.0",
  "cargo:tar-codec@0.0.14",
  "cargo:target-lexicon@0.13.0",
  "cargo:temp-env@0.3.6",
  "cargo:tempfile",
  "cargo:tempfile@3.14.0",
  "cargo:terminal_size@0.4.2",
  "cargo:test-case@3.3.1",
  "cargo:test-log",
  "cargo:test-log@0.2.16",
  "cargo:textwrap@0.16.1",
  "cargo:thiserror",
  "cargo:thiserror@2.0.0",
  "cargo:tokio",
  "cargo:tokio-rustls@0.26.2",
  "cargo:tokio-stream@0.1.16",
  "cargo:tokio-util@0.7.12",
  "cargo:tokio@1.40.0",
  "cargo:toml",
  "cargo:toml@1.1.0",
  "cargo:toml_edit@0.25.8",
  "cargo:toml_parser@1.1.0",
  "cargo:toml_writer@1.1.0",
  "cargo:tracing",
  "cargo:tracing-durations-export@0.3.0",
  "cargo:tracing-subscriber@0.3.18",
  "cargo:tracing-test@0.2.5",
  "cargo:tracing-tree@0.4.0",
  "cargo:tracing@0.1.40",
  "cargo:unicode-width@0.2.0",
  "cargo:unscanny@0.1.0",
  "cargo:url",
  "cargo:url@2.5.2",
  "cargo:uv-cache",
  "cargo:uv-client",
  "cargo:uv-configuration",
  "cargo:uv-distribution-types",
  "cargo:uv-fs",
  "cargo:uv-keyring",
  "cargo:uv-netrc",
  "cargo:uv-normalize",
  "cargo:uv-once-map",
  "cargo:uv-pep440",
  "cargo:uv-preview",
  "cargo:uv-pypi-types",
  "cargo:uv-redacted",
  "cargo:uv-small-str",
  "cargo:uv-state",
  "cargo:uv-static",
  "cargo:uv-warnings",
  "cargo:walkdir@2.5.0",
  "cargo:webpki-root-certs@1",
  "cargo:which@8.0.0",
  "cargo:windows-registry@0.5.0",
  "cargo:windows-version@0.1.6",
  "cargo:windows@0.61.0",
  "cargo:wiremock",
  "cargo:wiremock@0.6.4",
  "cargo:x509-parser@0.18.0",
  "cargo:zeroize@1.8.1",
  "docker:ubuntu@24.04",
  "pypi:astral-dev-toolchain-cargo-bloat@>=0.12.1",
  "pypi:astral-dev-toolchain-cargo-codspeed@>=5.0.1",
  "pypi:astral-dev-toolchain-cargo-deny@>=0.20.2",
  "pypi:astral-dev-toolchain-cargo-dist@>=0.32.0",
  "pypi:astral-dev-toolchain-cargo-nextest@>=0.9.143",
  "pypi:astral-dev-toolchain-cargo-shear@>=1.13.4",
  "pypi:astral-dev-toolchain-cargo-xwin@>=0.23.1",
  "pypi:black@>=23.10.0",
  "pypi:cargo-zigbuild@>=0.23.0",
  "pypi:mdformat-admon@>=2.0.2",
  "pypi:mdformat-mkdocs@>=2.0.4",
  "pypi:mdformat@>=0.7.17",
  "pypi:mkdocs-git-revision-date-localized-plugin@>=1.3.0",
  "pypi:mkdocs-llmstxt@>=0.2.0",
  "pypi:mkdocs-material@>=9.1.18",
  "pypi:mkdocs-redirects@>=1.2.2",
  "pypi:mkdocs@>=1.5.0",
  "pypi:rooster@==0.1.1",
  "pypi:ruff@>=0.16.2",
  "pypi:ty@>=0.0.69",
  "pypi:typos@>=1.49.0",
  "pypi:validate-pyproject@>=0.25",
  "tool:docker",
  "tool:github-actions",
  "tool:python@>=3.8",
  "tool:rust",
  "tool:rust@1.96.0",
  "tool:uv",
]
`;

exports[`detect over each fixture repo > fastapi__full-stack-fastapi-template 1`] = `
[
  "action:actions/add-to-project",
  "npm:@biomejs/biome@^2.5.6",
  "npm:@hey-api/openapi-ts@0.97.3",
  "npm:@hookform/resolvers@^5.7.1",
  "npm:@playwright/test@1.62.1",
  "npm:@radix-ui/react-avatar@^1.2.6",
  "npm:@radix-ui/react-checkbox@^1.3.11",
  "npm:@radix-ui/react-dialog@^1.1.23",
  "npm:@radix-ui/react-dropdown-menu@^2.1.24",
  "npm:@radix-ui/react-label@^2.1.15",
  "npm:@radix-ui/react-radio-group@^1.4.7",
  "npm:@radix-ui/react-scroll-area@^1.2.18",
  "npm:@radix-ui/react-select@^2.3.7",
  "npm:@radix-ui/react-separator@^1.1.15",
  "npm:@radix-ui/react-slot@^1.2.4",
  "npm:@radix-ui/react-tabs@^1.1.21",
  "npm:@radix-ui/react-tooltip@^1.2.16",
  "npm:@react-email/components@1.0.12",
  "npm:@react-email/ui@6.9.1",
  "npm:@tailwindcss/vite@^4.3.3",
  "npm:@tanstack/react-query-devtools@^5.101.4",
  "npm:@tanstack/react-query@^5.101.4",
  "npm:@tanstack/react-router-devtools@^1.167.0",
  "npm:@tanstack/react-router@^1.170.18",
  "npm:@tanstack/react-table@^8.21.3",
  "npm:@tanstack/router-devtools@^1.167.0",
  "npm:@tanstack/router-plugin@^1.168.23",
  "npm:@types/node@^26.1.2",
  "npm:@types/react-dom@^19.2.4",
  "npm:@types/react@^19.2.18",
  "npm:@vitejs/plugin-react-swc@^4.3.3",
  "npm:axios@1.18.0",
  "npm:class-variance-authority@^0.7.1",
  "npm:clsx@^2.1.1",
  "npm:dotenv@^17.4.2",
  "npm:form-data@4.0.6",
  "npm:lucide-react@^1.28.0",
  "npm:react-dom@^19.2.8",
  "npm:react-email@6.9.1",
  "npm:react-error-boundary@^6.1.2",
  "npm:react-hook-form@^7.84.0",
  "npm:react-icons@^5.7.0",
  "npm:react@^19.2.8",
  "npm:sonner@^2.0.7",
  "npm:tailwind-merge@^3.6.0",
  "npm:tailwindcss@^4.2.1",
  "npm:tw-animate-css@^1.4.0",
  "npm:typescript@^6.0.3",
  "npm:vite@^8.2.0",
  "npm:zod@^4.4.3",
  "pypi:alembic@>=1.19.1,<2.0.0",
  "pypi:coverage@<8.0.0,>=7.4.3",
  "pypi:email-validator@<3.0.0.0,>=2.1.0.post1",
  "pypi:emails@>=1.1.2,<2.0",
  "pypi:fastapi@>=0.141.1,<1.0.0",
  "pypi:httpx@<1.0.0,>=0.25.1",
  "pypi:jinja2@<4.0.0,>=3.1.4",
  "pypi:mypy@<3.0.0,>=1.8.0",
  "pypi:prek@>=0.4.14,<1.0.0",
  "pypi:psycopg@>=3.3.4,<4.0.0",
  "pypi:pwdlib@>=0.3.1",
  "pypi:pydantic-settings@<3.0.0,>=2.2.1",
  "pypi:pydantic@>2.0",
  "pypi:pyjwt@<3.0.0,>=2.13.0",
  "pypi:pytest@<10.0.0,>=7.4.3",
  "pypi:python-multipart@<1.0.0,>=0.0.27",
  "pypi:ruff@<1.0.0,>=0.2.2",
  "pypi:sentry-sdk@>=2.68.1,<3.0.0",
  "pypi:smokeshow@>=0.5.0",
  "pypi:sqlmodel@>=0.0.39,<1.0.0",
  "pypi:ty@>=0.0.25",
  "pypi:typer@>=0.27.1,<1.0.0",
  "pypi:zizmor@>=1.29.0",
  "tool:bun",
  "tool:github-actions",
  "tool:python@>=3.14,<4.0",
  "tool:uv",
]
`;

exports[`detect over each fixture repo > github__gitignore 1`] = `
[
  "action:actions/stale",
  "tool:github-actions",
]
`;

exports[`detect over each fixture repo > jlevy__the-art-of-command-line 1`] = `[]`;

exports[`detect over each fixture repo > laravel__laravel 1`] = `
[
  "composer:fakerphp/faker@^1.23",
  "composer:laravel/framework@^13.17",
  "composer:laravel/pail@^1.2.5",
  "composer:laravel/pao@^1.0.6",
  "composer:laravel/pint@^1.27",
  "composer:laravel/tinker@^3.0",
  "composer:mockery/mockery@^1.6",
  "composer:nunomaduro/collision@^8.6",
  "composer:phpunit/phpunit@^12.5.12",
  "npm:@tailwindcss/vite@^4.0.0",
  "npm:concurrently@^10.0.3",
  "npm:laravel-vite-plugin@^3.1",
  "npm:tailwindcss@^4.0.0",
  "npm:vite@^8.0.0",
  "tool:github-actions",
  "tool:php@^8.3",
]
`;

exports[`detect over each fixture repo > mastodon__mastodon 1`] = `
[
  "action:actions/checkout",
  "action:actions/download-artifact",
  "action:actions/upload-artifact",
  "action:docker/build-push-action",
  "action:docker/login-action",
  "action:docker/metadata-action",
  "action:docker/setup-buildx-action",
  "docker:ghcr.io/mastodon/mastodon-streaming@v4.7.2",
  "docker:ghcr.io/mastodon/mastodon@v4.7.2",
  "docker:node@24-trixie-slim",
  "docker:postgres@14-alpine",
  "docker:redis@7-alpine",
  "docker:ruby@4.0.7-slim-trixie",
  "gem:active_model_serializers@~> 0.10",
  "gem:addressable@~> 2.8",
  "gem:annotaterb@~> 4.13",
  "gem:aws-sdk-core",
  "gem:aws-sdk-s3@~> 1.123",
  "gem:base58@~> 0.2.3",
  "gem:better_errors@~> 2.9",
  "gem:binding_of_caller",
  "gem:blurhash@~> 0.1",
  "gem:bootsnap",
  "gem:brakeman@~> 8.0",
  "gem:browser",
  "gem:bundler-audit@~> 0.9",
  "gem:capybara-playwright-driver",
  "gem:capybara@~> 3.39",
  "gem:charlock_holmes@~> 0.7.7",
  "gem:chewy",
  "gem:climate_control",
  "gem:cocoon@~> 1.2",
  "gem:color_diff@~> 0.1",
  "gem:concurrent-ruby",
  "gem:connection_pool",
  "gem:csv@~> 3.2",
  "gem:database_cleaner-active_record",
  "gem:debug@~> 1.8",
  "gem:devise",
  "gem:devise-two-factor",
  "gem:devise_pam_authenticatable2@~> 9.2",
  "gem:discard@~> 2.0",
  "gem:doorkeeper@~> 5.6",
  "gem:dotenv",
  "gem:fabrication",
  "gem:faker@~> 3.2",
  "gem:faraday-httpclient",
  "gem:fast_blank@~> 1.0",
  "gem:fastimage",
  "gem:flatware-rspec",
  "gem:fog-core@<= 2.6.0",
  "gem:fog-openstack@~> 1.0",
  "gem:haml-rails@~>3.0",
  "gem:haml_lint",
  "gem:hcaptcha@~> 7.1",
  "gem:hiredis-client",
  "gem:htmlentities@~> 4.3",
  "gem:http@~> 5.3.0",
  "gem:http_accept_language@~> 2.1",
  "gem:httplog@~> 1.8.0",
  "gem:i18n",
  "gem:i18n-tasks@~> 1.0",
  "gem:idn-ruby",
  "gem:inline_svg",
  "gem:ipaddr@~> 1.2",
  "gem:irb@~> 1.8",
  "gem:jd-paperclip-azure@~> 3.0",
  "gem:json",
  "gem:json-canonicalization@~> 1.0",
  "gem:json-ld",
  "gem:json-ld-preloaded@~> 3.2",
  "gem:json-schema@~> 6.0",
  "gem:kaminari@~> 1.2",
  "gem:kt-paperclip@~> 8.0",
  "gem:letter_opener@~> 1.8",
  "gem:letter_opener_web@~> 3.0",
  "gem:link_header@~> 0.0",
  "gem:linzer@~> 0.8.0",
  "gem:lograge@~> 0.12",
  "gem:mail@~> 2.8",
  "gem:mario-redis-lock@~> 1.2",
  "gem:memory_profiler",
  "gem:mime-types@~> 3.7.0",
  "gem:mutex_m",
  "gem:net-http@~> 0.9.0",
  "gem:net-ldap@~> 0.18",
  "gem:nokogiri@~> 1.15",
  "gem:omniauth-cas@~> 3.0.0.beta.1",
  "gem:omniauth-rails_csrf_protection@~> 2.0",
  "gem:omniauth-saml@~> 2.0",
  "gem:omniauth@~> 2.0",
  "gem:omniauth_openid_connect@~> 0.8.0",
  "gem:opentelemetry-api@~> 1.11.0",
  "gem:opentelemetry-exporter-otlp@~> 0.36.0",
  "gem:opentelemetry-instrumentation-active_job@~> 0.13.0",
  "gem:opentelemetry-instrumentation-active_model_serializers@~> 0.25.0",
  "gem:opentelemetry-instrumentation-concurrent_ruby@~> 0.25.0",
  "gem:opentelemetry-instrumentation-excon@~> 0.29.0",
  "gem:opentelemetry-instrumentation-faraday@~> 0.33.0",
  "gem:opentelemetry-instrumentation-http@~> 0.30.0",
  "gem:opentelemetry-instrumentation-http_client@~> 0.29.0",
  "gem:opentelemetry-instrumentation-net_http@~> 0.29.0",
  "gem:opentelemetry-instrumentation-pg@~> 0.37.0",
  "gem:opentelemetry-instrumentation-rack@~> 0.31.0",
  "gem:opentelemetry-instrumentation-rails@~> 0.42.0",
  "gem:opentelemetry-instrumentation-redis@~> 0.29.0",
  "gem:opentelemetry-instrumentation-sidekiq@~> 0.29.0",
  "gem:opentelemetry-sdk@~> 1.4",
  "gem:ox@~> 2.14",
  "gem:parslet",
  "gem:pg@~> 1.5",
  "gem:pghero",
  "gem:playwright-ruby-client",
  "gem:premailer-rails",
  "gem:prometheus_exporter@~> 2.2",
  "gem:propshaft",
  "gem:public_suffix@~> 7.0",
  "gem:puma",
  "gem:pundit@~> 2.3",
  "gem:rack-attack@~> 6.6",
  "gem:rack-cors",
  "gem:rack-proxy",
  "gem:rack-test@~> 2.1",
  "gem:rails-i18n@~> 8.0",
  "gem:rails@~> 8.1.0",
  "gem:rdf-normalize@~> 0.5",
  "gem:redcarpet@~> 3.6",
  "gem:redis@~> 5",
  "gem:rqrcode@~> 3.0",
  "gem:rspec-github@~> 3.0",
  "gem:rspec-rails@~> 8.0",
  "gem:rspec-sidekiq@~> 5.0",
  "gem:rubocop",
  "gem:rubocop-capybara",
  "gem:rubocop-i18n",
  "gem:rubocop-performance",
  "gem:rubocop-rails",
  "gem:rubocop-rspec",
  "gem:rubocop-rspec_rails",
  "gem:ruby-prof",
  "gem:ruby-progressbar@~> 1.13",
  "gem:ruby-vips@~> 2.2",
  "gem:rubyzip@~> 3.0",
  "gem:sanitize@~> 7.0",
  "gem:scenic@~> 1.7",
  "gem:shoulda-matchers",
  "gem:sidekiq-bulk@~> 0.2.0",
  "gem:sidekiq-scheduler@~> 6.0",
  "gem:sidekiq-unique-jobs@> 8",
  "gem:sidekiq@< 9",
  "gem:simple-navigation@~> 4.4",
  "gem:simple_form@~> 5.2",
  "gem:simplecov",
  "gem:simplecov-lcov@~> 0.8",
  "gem:stackprof",
  "gem:stoplight",
  "gem:strong_migrations",
  "gem:test-prof",
  "gem:thor@~> 1.2",
  "gem:tty-prompt@~> 0.23",
  "gem:twitter-text@~> 3.1.0",
  "gem:tzinfo-data@~> 1.2023",
  "gem:webauthn@~> 3.0",
  "gem:webmock@~> 3.18",
  "gem:webpush",
  "gem:websocket-driver@~> 0.8",
  "gem:xorcist@~> 1.1",
  "npm:@csstools/stylelint-formatter-github@2.0.0",
  "npm:@dnd-kit/core@6.3.1",
  "npm:@dnd-kit/modifiers@9.0.0",
  "npm:@dnd-kit/sortable@10.0.0",
  "npm:@dnd-kit/utilities@3.2.2",
  "npm:@eslint/js@9.39.2",
  "npm:@eslint/js@9.39.5",
  "npm:@floating-ui/react-dom@2.1.9",
  "npm:@formatjs/cli@6.14.4",
  "npm:@formatjs/intl-pluralrules@6.3.13",
  "npm:@formatjs/unplugin@1.2.11",
  "npm:@gamestdio/websocket@0.3.2",
  "npm:@github/webauthn-json@2.1.1",
  "npm:@optimize-lodash/rollup-plugin@6.0.0",
  "npm:@phosphor-icons/react@2.1.10",
  "npm:@prometheus-io/client@^0.16.1",
  "npm:@react-spring/web@10.1.2",
  "npm:@reduxjs/toolkit@2.12.0",
  "npm:@rolldown/plugin-babel@0.2.4",
  "npm:@storybook/addon-a11y@10.3.3",
  "npm:@storybook/addon-docs@10.3.3",
  "npm:@storybook/addon-vitest@10.3.3",
  "npm:@storybook/react-vite@10.3.3",
  "npm:@testing-library/dom@10.4.1",
  "npm:@testing-library/react@16.3.2",
  "npm:@types/cors@2.8.19",
  "npm:@types/debug@4.1.13",
  "npm:@types/emoji-mart@3.0.14",
  "npm:@types/escape-html@1.0.4",
  "npm:@types/express@5.0.6",
  "npm:@types/hoist-non-react-statics@3.3.7",
  "npm:@types/http-link-header@1.0.7",
  "npm:@types/intl@1.2.2",
  "npm:@types/js-yaml@4.0.9",
  "npm:@types/lodash@4.17.25",
  "npm:@types/object-assign@4.0.33",
  "npm:@types/pg@8.21.0",
  "npm:@types/prop-types@15.7.15",
  "npm:@types/punycode@2.1.4",
  "npm:@types/react-dom@19.2.4",
  "npm:@types/react-immutable-proptypes@2.1.3",
  "npm:@types/react-router-dom@5.3.3",
  "npm:@types/react-router@5.1.20",
  "npm:@types/react-sparklines@1.7.5",
  "npm:@types/react@19.2.18",
  "npm:@types/redux-immutable@4.0.6",
  "npm:@types/requestidlecallback@0.3.7",
  "npm:@types/ws@8.18.1",
  "npm:@typescript/native@npm:typescript@7.0.2",
  "npm:@unhead/react@3.4.0",
  "npm:@use-gesture/react@10.3.1",
  "npm:@vitejs/plugin-legacy@8.2.3",
  "npm:@vitejs/plugin-react@6.1.1",
  "npm:@vitest/browser-playwright@4.1.11",
  "npm:@vitest/browser@4.1.11",
  "npm:@vitest/coverage-v8@4.1.9",
  "npm:@vitest/ui@4.1.9",
  "npm:arrow-key-navigation@1.2.0",
  "npm:async-mutex@0.5.0",
  "npm:axios@1.20.0",
  "npm:babel-plugin-transform-react-remove-prop-types@0.4.24",
  "npm:blurhash@2.0.5",
  "npm:chromatic@18.0.0",
  "npm:classnames@2.5.1",
  "npm:cocoon-js-vanilla@1.5.1",
  "npm:color-blend@4.0.0",
  "npm:core-js@3.50.0",
  "npm:cors@2.8.6",
  "npm:cross-env@10.1.0",
  "npm:debug@4.4.3",
  "npm:delegated-events@1.1.2",
  "npm:detect-passive-events@2.0.3",
  "npm:dotenv@17.4.2",
  "npm:emoji-mart@npm:emoji-mart-lazyload@latest",
  "npm:emojibase-data@16.0.3",
  "npm:emojibase-regex@16.0.0",
  "npm:emojibase@16.0.0",
  "npm:escape-html@1.0.3",
  "npm:eslint-import-resolver-typescript@4.4.5",
  "npm:eslint-plugin-formatjs@6.4.20",
  "npm:eslint-plugin-import@2.32.0",
  "npm:eslint-plugin-jsdoc@64.1.0",
  "npm:eslint-plugin-jsx-a11y@6.10.2",
  "npm:eslint-plugin-promise@7.3.0",
  "npm:eslint-plugin-react-hooks@7.1.1",
  "npm:eslint-plugin-react@7.37.5",
  "npm:eslint-plugin-storybook@10.5.7",
  "npm:eslint@9.39.5",
  "npm:express@5.2.1",
  "npm:fake-indexeddb@6.2.5",
  "npm:fast-glob@3.3.3",
  "npm:fuzzysort@3.1.0",
  "npm:globals@17.3.0",
  "npm:globals@17.9.0",
  "npm:history@4.10.1",
  "npm:hoist-non-react-statics@3.3.2",
  "npm:http-link-header@1.1.4",
  "npm:husky@9.1.7",
  "npm:idb@8.0.3",
  "npm:immutable@4.3.9",
  "npm:intl-messageformat@11.2.13",
  "npm:ioredis@6.0.0",
  "npm:js-yaml@5.4.2",
  "npm:jsdom@30.1.0",
  "npm:lande@1.0.10",
  "npm:lint-staged@17.0.5",
  "npm:lodash@4.18.1",
  "npm:marky@1.3.0",
  "npm:msw-storybook-addon@2.0.6",
  "npm:msw@2.12.14",
  "npm:oxfmt@0.47.0",
  "npm:path-complete-extname@1.0.0",
  "npm:pg-connection-string@2.14.0",
  "npm:pg@8.23.0",
  "npm:pino-http@11.0.0",
  "npm:pino-pretty@13.1.3",
  "npm:pino@10.3.1",
  "npm:playwright@1.63.0",
  "npm:postcss-preset-env@11.5.3",
  "npm:prop-types@15.8.1",
  "npm:punycode@2.3.1",
  "npm:react-dom@19.3.0",
  "npm:react-easy-crop@6.2.3",
  "npm:react-immutable-proptypes@2.2.0",
  "npm:react-immutable-pure-component@2.2.2",
  "npm:react-intl@10.1.20",
  "npm:react-redux-loading-bar@5.0.8",
  "npm:react-redux@9.3.0",
  "npm:react-router-dom@5.3.4",
  "npm:react-router@5.3.4",
  "npm:react-select@5.10.2",
  "npm:react-sparklines@1.7.0",
  "npm:react-textarea-autosize@8.5.9",
  "npm:react@19.3.0",
  "npm:redux-immutable@4.0.0",
  "npm:regenerator-runtime@0.14.1",
  "npm:requestidlecallback@0.3.0",
  "npm:rollup-plugin-gzip@4.2.0",
  "npm:rollup-plugin-visualizer@7.1.1",
  "npm:sass@1.104.1",
  "npm:scroll-behavior@0.11.0",
  "npm:stacktrace-js@2.0.2",
  "npm:storybook@10.3.3",
  "npm:stringz@2.1.0",
  "npm:stylelint-config-standard-scss@17.0.0",
  "npm:stylelint@17.10.0",
  "npm:substring-trie@1.0.2",
  "npm:terser@5.51.2",
  "npm:tesseract.js@7.0.0",
  "npm:tiny-queue@0.2.1",
  "npm:twitter-text@3.1.0",
  "npm:type-fest@5.7.0",
  "npm:typescript-eslint@8.65.0",
  "npm:typescript-eslint@8.66.0",
  "npm:typescript@npm:@typescript/typescript6@6.0.2",
  "npm:use-debounce@10.1.1",
  "npm:uuid@14.0.2",
  "npm:vite-plugin-manifest-sri@0.2.0",
  "npm:vite-plugin-svgr@5.2.0",
  "npm:vite@8.3.0",
  "npm:vitest@4.1.11",
  "npm:wicg-inert@3.1.3",
  "npm:ws@8.21.3",
  "tool:docker",
  "tool:github-actions",
  "tool:node@>=22",
  "tool:ruby@>= 3.3.0",
  "tool:yarn",
  "tool:yarn@4.18.0",
]
`;

exports[`detect over each fixture repo > pocketbase__pocketbase 1`] = `
[
  "action:actions/checkout",
  "action:actions/setup-go",
  "action:actions/setup-node",
  "action:goreleaser/goreleaser-action",
  "go:github.com/disintegration/imaging@v1.6.2",
  "go:github.com/domodwyer/mailyak/v3@v3.6.2",
  "go:github.com/dop251/goja@v0.0.0-20260901132549-43234fa61381",
  "go:github.com/dop251/goja_nodejs@v0.0.0-20260212111938-1f56ff5bcf14",
  "go:github.com/fatih/color@v1.19.0",
  "go:github.com/fsnotify/fsnotify@v1.10.1",
  "go:github.com/gabriel-vasile/mimetype@v1.4.15",
  "go:github.com/ganigeorgiev/fexpr@v0.6.0",
  "go:github.com/golang-jwt/jwt/v5@v5.3.1",
  "go:github.com/pocketbase/dbx@v1.12.0",
  "go:github.com/pocketbase/ozzo-validation/v4@v4.3.0",
  "go:github.com/pocketbase/tygoja@v0.1.0",
  "go:github.com/spf13/cast@v1.10.0",
  "go:github.com/spf13/cobra@v1.10.2",
  "go:golang.org/x/crypto@v0.57.0",
  "go:golang.org/x/image@v0.46.0",
  "go:golang.org/x/net@v0.59.0",
  "go:golang.org/x/oauth2@v0.36.0",
  "go:golang.org/x/sync@v0.23.0",
  "go:modernc.org/sqlite@v1.57.0",
  "npm:dprint@^0.52.0",
  "npm:leaflet@^1.9.4",
  "npm:pocketbase@^0.28.1",
  "npm:vite@^8.0.0",
  "tool:github-actions",
  "tool:go@1.27",
]
`;

exports[`detect over each fixture repo > vercel__next.js 1`] = `
[
  "action:actions/checkout",
  "action:actions/github-script",
  "action:vercel/gh-sts-action",
  "cargo:allocator-api2@0.2.21",
  "cargo:allsorts@0.14.0",
  "cargo:anyhow@1.0.100",
  "cargo:async-trait@0.1.64",
  "cargo:base64@0.22.1",
  "cargo:bincode@2.0.1",
  "cargo:bitfield@0.19.4",
  "cargo:browserslist-rs@0.20.0",
  "cargo:bumpalo@3.19.0",
  "cargo:byteorder@1.5.0",
  "cargo:bytes-str@0.2.7",
  "cargo:bytes@1.11.1",
  "cargo:chromiumoxide@0.5.4",
  "cargo:chrono@0.4.23",
  "cargo:clap@4.5.2",
  "cargo:codspeed-criterion-compat@4.3.0",
  "cargo:concurrent-queue@2.5.0",
  "cargo:console-subscriber@0.4.1",
  "cargo:const_format@0.2.30",
  "cargo:crc32fast@1.5.0",
  "cargo:crossbeam-channel@0.5.8",
  "cargo:crossbeam-utils@0.8",
  "cargo:ctor@1.0.7",
  "cargo:dashmap@7.0.0-rc2",
  "cargo:data-encoding@2.3.3",
  "cargo:dhat@0.3.2",
  "cargo:dunce@1.0.3",
  "cargo:either@1.15.0",
  "cargo:erased-serde@0.4.5",
  "cargo:fixedbitset@0.5.7",
  "cargo:flate2@1.0.28",
  "cargo:fs-err@3.1.1",
  "cargo:futures-retry@0.6.0",
  "cargo:futures-util@0.3.31",
  "cargo:futures@0.3.31",
  "cargo:hashbrown@0.15.4",
  "cargo:image@0.25.8",
  "cargo:indexmap@2.14.0",
  "cargo:indoc@2.0.0",
  "cargo:itertools@0.10.5",
  "cargo:lightningcss@1.0.0-alpha.72",
  "cargo:lz4_flex@0.14.0",
  "cargo:markdown@1.0.0-alpha.18",
  "cargo:mdxjs@1.0.4",
  "cargo:memchr@2.8.0",
  "cargo:mime@0.3.16",
  "cargo:modularize_imports@18.0.0",
  "cargo:napi-build@2.3.2",
  "cargo:napi-derive@3.5.8",
  "cargo:napi@3.10.0",
  "cargo:nohash-hasher@0.2.0",
  "cargo:notify@8.1.0",
  "cargo:owo-colors@4.2.2",
  "cargo:parcel_selectors@0.28.2",
  "cargo:parking_lot@0.12.1",
  "cargo:pathdiff@0.2.1",
  "cargo:petgraph@0.8.3",
  "cargo:phf@0.11",
  "cargo:pin-project-lite@0.2.17",
  "cargo:postcard@1.0.4",
  "cargo:preset_env_base@9.0.0",
  "cargo:proc-macro2@1.0.79",
  "cargo:qstring@0.7.2",
  "cargo:quick_cache@0.6.14",
  "cargo:quote@1.0.45",
  "cargo:rand@0.10.1",
  "cargo:rayon@1.10.0",
  "cargo:react_compiler@0.1.0",
  "cargo:react_remove_properties@18.0.0",
  "cargo:regex@1.12.3",
  "cargo:regress@0.11.1",
  "cargo:remove_console@18.0.0",
  "cargo:reqwest@0.13.2",
  "cargo:ringmap@0.2.5",
  "cargo:roaring@0.11.4",
  "cargo:rstest@0.16.0",
  "cargo:rustc-hash@2.1.1",
  "cargo:scattered-collect@0.10.0",
  "cargo:semver@1.0.16",
  "cargo:serde@1.0.228",
  "cargo:serde_json@1.0.149",
  "cargo:serde_path_to_error@0.1.20",
  "cargo:serde_qs@1.1.1",
  "cargo:serde_with@3.18.0",
  "cargo:sha2@0.10.2",
  "cargo:shrink-to-fit@0.2.10",
  "cargo:smallvec@1.15.1",
  "cargo:strsim@0.11.1",
  "cargo:styled_components@18.0.0",
  "cargo:styled_jsx@18.0.0",
  "cargo:swc_core@79.0.0",
  "cargo:swc_ecma_react_compiler@25.0.0",
  "cargo:swc_emotion@18.0.0",
  "cargo:swc_plugin_backend_wasmtime@16.0.0",
  "cargo:swc_relay@18.0.0",
  "cargo:swc_sourcemap@10.0.2",
  "cargo:syn@2.0.100",
  "cargo:tempfile@3.20.0",
  "cargo:terminal_size@0.3.0",
  "cargo:testing@27.0.0",
  "cargo:thiserror@1.0.48",
  "cargo:thread_local@1.1.8",
  "cargo:tokio-util@0.7.18",
  "cargo:tokio@1.52.1",
  "cargo:tracing-subscriber@0.3.16",
  "cargo:tracing@0.1.44",
  "cargo:triomphe",
  "cargo:tungstenite@0.20.1",
  "cargo:unsize@1.1.0",
  "cargo:unty@0.0.4",
  "cargo:url@2.2.2",
  "cargo:urlencoding@2.1.2",
  "cargo:uuid@1.18.1",
  "cargo:vergen-gitcl@1.0.8",
  "cargo:vergen@9.0.6",
  "cargo:webbrowser@1.0.6",
  "cargo:windows-sys@0.60",
  "cargo:xxhash-rust@0.8.12",
  "cargo:zstd@0.13.2",
  "npm:@actions/core@1.10.1",
  "npm:@ast-grep/cli@0.42.0",
  "npm:@babel/core@7.26.10",
  "npm:@babel/eslint-parser@7.24.6",
  "npm:@babel/generator@7.27.0",
  "npm:@babel/parser@7.27.0",
  "npm:@babel/plugin-syntax-explicit-resource-management@7.25.7",
  "npm:@babel/plugin-transform-object-rest-spread@7.25.9",
  "npm:@babel/preset-react@7.26.3",
  "npm:@edge-runtime/jest-environment@4.0.0",
  "npm:@emotion/cache@11.11.0",
  "npm:@emotion/react@11.11.1",
  "npm:@eslint/compat@1.4.0",
  "npm:@eslint/eslintrc@^3",
  "npm:@eslint/js@9.37.0",
  "npm:@fullhuman/postcss-purgecss@1.3.0",
  "npm:@jest/expect-utils@29.7.0",
  "npm:@mdx-js/loader@2.2.1",
  "npm:@mdx-js/react@2.2.1",
  "npm:@opentelemetry/api@1.4.1",
  "npm:@picocss/pico@1.5.10",
  "npm:@radix-ui/react-dialog@1.1.4",
  "npm:@radix-ui/react-popover@1.1.4",
  "npm:@radix-ui/react-select@2.2.6",
  "npm:@radix-ui/react-slot@1.1.1",
  "npm:@radix-ui/react-toggle-group@1.1.1",
  "npm:@radix-ui/react-tooltip@1.1.4",
  "npm:@rspack/core@1.6.7",
  "npm:@rspack/core@2.0.4",
  "npm:@slack/web-api@7.9.1",
  "npm:@swc/cli@0.1.55",
  "npm:@swc/core@1.11.24",
  "npm:@swc/helpers@0.5.23",
  "npm:@swc/types@0.1.7",
  "npm:@tailwindcss/postcss@^4.1.9",
  "npm:@taskr/esnext@1.1.0",
  "npm:@testing-library/jest-dom@6.1.2",
  "npm:@testing-library/react@^15.0.5",
  "npm:@types/busboy@1.5.3",
  "npm:@types/cheerio@0.22.16",
  "npm:@types/cookie@0.3.3",
  "npm:@types/cross-spawn@6.0.0",
  "npm:@types/fs-extra@8.1.0",
  "npm:@types/glob@7.1.1",
  "npm:@types/html-validator@5.0.3",
  "npm:@types/http-proxy@1.17.17",
  "npm:@types/jest@29.5.5",
  "npm:@types/js-yaml@4.0.9",
  "npm:@types/node@20.17.7",
  "npm:@types/node@^22",
  "npm:@types/react-dom@19.2.4",
  "npm:@types/react-dom@^18",
  "npm:@types/react@19.2.18",
  "npm:@types/react@^18",
  "npm:@types/shell-quote@1.7.1",
  "npm:@types/string-hash@1.1.1",
  "npm:@types/trusted-types@2.0.3",
  "npm:@types/yargs@16.0.11",
  "npm:@vercel/agent-eval@2.2.1",
  "npm:@vercel/blob@2.3.2",
  "npm:@vercel/kv@3.0.0",
  "npm:@vercel/og@1.0.1",
  "npm:@vercel/sandbox@1.8.0",
  "npm:alex@9.1.0",
  "npm:async-sema@3.0.1",
  "npm:autoprefixer@^10.4.20",
  "npm:babel-plugin-react-compiler@0.0.0-experimental-1371fcb-20260227",
  "npm:browserslist@4.28.1",
  "npm:buffer@5.6.0",
  "npm:cheerio@0.22.0",
  "npm:class-variance-authority@^0.7.1",
  "npm:clsx@^2.1.1",
  "npm:cmdk@1.0.4",
  "npm:cookie@0.4.1",
  "npm:cors@2.8.5",
  "npm:coveralls@3.0.3",
  "npm:critters@0.0.6",
  "npm:cross-env@10.1.0",
  "npm:cross-env@6.0.3",
  "npm:cross-spawn@6.0.5",
  "npm:dd-trace@4.12.0",
  "npm:dotenv@16.4.7",
  "npm:es5-ext@0.10.53",
  "npm:escape-string-regexp@2.0.0",
  "npm:eslint-formatter-codeframe@7.32.1",
  "npm:eslint-plugin-eslint-plugin@5.2.1",
  "npm:eslint-plugin-import@2.31.0",
  "npm:eslint-plugin-jest@27.6.3",
  "npm:eslint-plugin-jsdoc@48.0.4",
  "npm:eslint-plugin-mdx@3.1.5",
  "npm:eslint-plugin-react-hooks@0.0.0-experimental-ab18f33d-20260220",
  "npm:eslint-plugin-react@7.37.0",
  "npm:eslint@9.37.0",
  "npm:event-stream@4.0.1",
  "npm:execa@2.0.3",
  "npm:expect-type@0.14.2",
  "npm:expect@29.7.0",
  "npm:express@4.17.0",
  "npm:faker@5.5.3",
  "npm:faunadb@2.6.1",
  "npm:find-up@4.1.0",
  "npm:firebase@7.14.5",
  "npm:flat@5.0.2",
  "npm:fs-extra@9.0.0",
  "npm:get-port-please@3.1.1",
  "npm:get-port@5.1.1",
  "npm:glob@7.1.6",
  "npm:globals@16.4.0",
  "npm:gzip-size@5.1.1",
  "npm:html-validator@5.1.18",
  "npm:http-proxy@1.18.1",
  "npm:husky@9.0.11",
  "npm:image-size@1.2.1",
  "npm:inliner@1.13.1",
  "npm:is-animated@2.0.2",
  "npm:isomorphic-unfetch@3.0.0",
  "npm:jest-diff@29.7.0",
  "npm:jest-environment-jsdom@29.7.0",
  "npm:jest-extended@4.0.2",
  "npm:jest-junit@16.0.0",
  "npm:jest-snapshot@30.0.0-alpha.6",
  "npm:jest@29.7.0",
  "npm:js-yaml@4.2.0",
  "npm:json5@2.2.3",
  "npm:kleur@^4.1.0",
  "npm:ky-universal@0.6.0",
  "npm:ky@0.19.1",
  "npm:lerna@9.0.3",
  "npm:lint-staged@15.2.2",
  "npm:lodash@4.18.1",
  "npm:lost@8.3.1",
  "npm:lucide-react@^0.554.0",
  "npm:minimatch@3.0.4",
  "npm:moment@^2.24.0",
  "npm:nanoid@3.1.30",
  "npm:next-themes@^0.4.6",
  "npm:next@16.2.3",
  "npm:node-plop@0.31.1",
  "npm:npm-run-all@4.1.5",
  "npm:nprogress@0.2.0",
  "npm:octokit@3.1.0",
  "npm:outdent@0.8.0",
  "npm:pixrem@5.0.0",
  "npm:playwright-chromium@1.61.0",
  "npm:playwright@1.61.0",
  "npm:polished@^4.3.1",
  "npm:postcss-nested@4.2.1",
  "npm:postcss-pseudoelements@5.0.0",
  "npm:postcss-short-size@4.0.0",
  "npm:postcss-trolling@0.1.7",
  "npm:postcss@8.5.23",
  "npm:postcss@^8.5",
  "npm:prettier@3.6.2",
  "npm:pretty-bytes@5.3.0",
  "npm:pretty-ms@7.0.0",
  "npm:random-seed@0.3.0",
  "npm:react-builtin@npm:react@19.3.0-canary-59aff3e1-20260918",
  "npm:react-dom-builtin@npm:react-dom@19.3.0-canary-59aff3e1-20260918",
  "npm:react-dom-experimental-builtin@npm:react-dom@0.0.0-experimental-59aff3e1-20260918",
  "npm:react-dom@19.0.0",
  "npm:react-dom@19.2.0",
  "npm:react-experimental-builtin@npm:react@0.0.0-experimental-59aff3e1-20260918",
  "npm:react-is-builtin@npm:react-is@19.3.0-canary-59aff3e1-20260918",
  "npm:react-server-dom-turbopack-experimental@npm:react-server-dom-turbopack@0.0.0-experimental-59aff3e1-20260918",
  "npm:react-server-dom-turbopack@npm:react-server-dom-turbopack@19.3.0-canary-59aff3e1-20260918",
  "npm:react-server-dom-webpack-experimental@npm:react-server-dom-webpack@0.0.0-experimental-59aff3e1-20260918",
  "npm:react-server-dom-webpack@npm:react-server-dom-webpack@19.3.0-canary-59aff3e1-20260918",
  "npm:react-ssr-prepass@1.0.8",
  "npm:react-virtualized@9.22.3",
  "npm:react@19.0.0",
  "npm:react@19.2.0",
  "npm:request-promise-core@1.1.2",
  "npm:resolve-from@5.0.0",
  "npm:sass@1.54.0",
  "npm:satori@0.29.0",
  "npm:scheduler-builtin@npm:scheduler@0.28.0-canary-59aff3e1-20260918",
  "npm:scheduler-experimental-builtin@npm:scheduler@0.0.0-experimental-59aff3e1-20260918",
  "npm:seedrandom@3.0.5",
  "npm:semver@7.3.7",
  "npm:serve-handler@6.1.6",
  "npm:shell-quote@1.7.3",
  "npm:strip-ansi@6.0.0",
  "npm:styled-jsx-plugin-postcss@3.0.2",
  "npm:styled-jsx@5.1.6",
  "npm:swr@^2.2.4",
  "npm:tailwind-merge@^2.5.5",
  "npm:tailwindcss-animate@^1.0.7",
  "npm:tailwindcss@3.2.7",
  "npm:tailwindcss@^4.1.9",
  "npm:taskr@1.1.0",
  "npm:tree-kill@1.2.2",
  "npm:tsx@4.19.2",
  "npm:turbo@2.9.4",
  "npm:tw-animate-css@1.3.3",
  "npm:typescript-eslint@8.46.0",
  "npm:typescript@6.0.2",
  "npm:unfetch@4.2.0",
  "npm:wait-port@0.2.2",
  "npm:webpack-bundle-analyzer@4.7.0",
  "npm:webpack-dev-server@5.2.0",
  "npm:webpack@5.98.0",
  "npm:whatwg-fetch@3.0.0",
  "npm:ws@8.2.3",
  "npm:yargs@16.2.0",
  "tool:github-actions",
  "tool:lerna",
  "tool:node@>=20.9.0",
  "tool:pnpm",
  "tool:pnpm-workspace",
  "tool:pnpm@10.33.0",
  "tool:rust",
  "tool:turborepo",
]
`;
