// Vitest Snapshot v1, https://vitest.dev/guide/snapshot.html

exports[`resolve against each fixture repo > Grandbusta__spyde 1`] = `
[
  "Grandbusta/spyde · TypeScript · 10 stars",
  "FRONTEND VitePress 1",
  "BACKEND  Node 20, PDFKit 0.20",
  "INFRA    GitHub Pages, GitHub Actions",
  "TOOLING  TypeScript 7, npm",
  "unmapped: 0",
]
`;

exports[`resolve against each fixture repo > astral-sh__uv 1`] = `
[
  "astral-sh/uv · Rust · 90053 stars",
  "FRONTEND MkDocs 1",
  "BACKEND  Tokio 1, clap 4, Python 3.8, Rust 1.96, Serde 1",
  "INFRA    Docker, GitHub Actions",
  "TOOLING  uv, Ruff 0.16, ty, Black 23, insta 1",
  "unmapped: 187",
]
`;

exports[`resolve against each fixture repo > fastapi__full-stack-fastapi-template 1`] = `
[
  "fastapi/full-stack-fastapi-template · TypeScript · 45678 stars",
  "FRONTEND React 19, Tailwind 4, TanStack Router 1, TanStack Query 5, Radix UI, Zod 4  +2 more",
  "BACKEND  FastAPI 0.141, PostgreSQL 18, SQLModel, Pydantic 2, Alembic 1, Python 3.14  +3 more",
  "INFRA    Docker, Sentry, GitHub Actions",
  "TOOLING  Vite 8, Bun, uv, Playwright 1, pytest 7, Ruff 0.2  +5 more",
  "unmapped: 27",
]
`;

exports[`resolve against each fixture repo > github__gitignore 1`] = `
[
  "github/gitignore · no language · 175867 stars",
  "INFRA    GitHub Actions",
  "unmapped: 0",
]
`;

exports[`resolve against each fixture repo > laravel__laravel 1`] = `
[
  "laravel/laravel · Blade · 84991 stars",
  "FRONTEND Tailwind 4",
  "BACKEND  Laravel 13, PHP 8",
  "INFRA    GitHub Actions",
  "TOOLING  Vite 8, PHPUnit 12, Pint 1",
  "unmapped: 6",
]
`;

exports[`resolve against each fixture repo > mastodon__mastodon 1`] = `
[
  "mastodon/mastodon · Ruby · 50308 stars",
  "FRONTEND React 19, React Router 5, Redux 2, Sass 1",
  "BACKEND  Rails 8, PostgreSQL 14, Express 5, Redis 7, Sidekiq, Elasticsearch  +5 more",
  "INFRA    AWS, Docker, OpenTelemetry, Prometheus, GitHub Actions",
  "TOOLING  Vite 8, Vitest 4, Playwright 1, RSpec, Yarn 4, Storybook 10  +8 more",
  "unmapped: 213",
]
`;

exports[`resolve against each fixture repo > pocketbase__pocketbase 1`] = `
[
  "pocketbase/pocketbase · Go · 61124 stars",
  "FRONTEND Leaflet 1",
  "BACKEND  SQLite, Cobra 1, Go 1.27, Node",
  "INFRA    GitHub Actions",
  "TOOLING  Vite 8, GoReleaser, dprint 0.52",
  "unmapped: 19",
]
`;

exports[`resolve against each fixture repo > vercel__next.js 1`] = `
[
  "vercel/next.js · JavaScript · 142397 stars",
  "FRONTEND Next.js 16, Radix UI, SWR 2, Lucide, Tailwind 4, Emotion 11  +1 more",
  "BACKEND  Node 20, Tokio 1, napi-rs 3, clap 4, Rust, Serde 1  +1 more",
  "INFRA    Vercel, Firebase, Datadog, OpenTelemetry, GitHub Actions",
  "TOOLING  Turborepo 2, pnpm workspaces, Lerna 9, Jest 29, Playwright 1, webpack 5  +5 more",
  "unmapped: 236",
]
`;
